SEED03
PRE
SCTLR=0x0000000030d00800
TCR=0x0000000000000000
MAIR=0x0000000000000000
TTBR0=0x0000000000000000
TTBR1=0x0000000000000000
ZERO_L1
ZERO_L2
BUILD_L2_RAM
BUILD_L2_DEV
BUILD_L1
TLBI
MAIR=0x00000000000000ff
TCR=0x00000012b5993519
TTBR0=0x0000000000081000
TTBR1=0x0000000000000000
ARM
MMU1
MMU2
MMU3
LIVE
POST
SCTLR=0x0000000030d00801
TCR=0x00000012b5993519
MAIR=0x00000000000000ff
TTBR0=0x0000000000081000
TTBR1=0x0000000000000000
TESTLOAD
VALUE=0x0000000014000010
TESTSTORE
VALUE=0x00000000deadbeef
PASS
CACHE_PRE
SCTLR=0x0000000030d00801
CACHE_LIVE
SCTLR=0x0000000030d01805
CACHE_PASS
qemu-system-aarch64: terminating on signal 15 from pid 59759 (timeout)
